// Jest Snapshot v1, https://goo.gl/fbAQLP

exports[`AnyEvent Component  Testing snapshot 1`] = `
<div>
  <span
    id="any-event"
    subtree={false}
  >
    Not type 1 node
    <input
      id="testInput"
    />
  </span>
</div>
`;
